{
  "formfactor": "mini-tower",
  "vendor": "Hewlett-Packard",
  "Hypervisor": null,
  "Devices": [
    {
      "bus": "None",
      "description": "BIOS",
      "deviceID": "0000",
      "driver": "None",
      "fw_version": "J61 v01.02",
      "subsysDeviceID": "0000",
      "subsysVendorID": "0000",
      "type": "BUS",
      "vendorID": "0000"
    },
    {
      "vendorID": "8086",
      "description": "Xeon E5/Core i7 DMI2",
      "subsysVendorID": "103c",
      "bus": "pci",
      "driver": "None",
      "fw_version": "None",
      "deviceID": "3c00",
      "subsysDeviceID": "1589",
      "type": "BRIDGE"
    },
    {
      "vendorID": "8086",
      "description": "Xeon E5/Core i7 IIO PCI Express Root Port 1a",
      "subsysVendorID": "0000",
      "bus": "pci",
      "driver": "pcieport",
      "fw_version": "None",
      "deviceID": "3c02",
      "subsysDeviceID": "0000",
      "type": "BRIDGE"
    },
    {
      "vendorID": "8086",
      "description": "Xeon E5/Core i7 IIO PCI Express Root Port 2a",
      "subsysVendorID": "0000",
      "bus": "pci",
      "driver": "pcieport",
      "fw_version": "None",
      "deviceID": "3c04",
      "subsysDeviceID": "0000",
      "type": "BRIDGE"
    },
    {
      "vendorID": "10de",
      "description": "GF106GL [Quadro 2000]",
      "subsysVendorID": "103c",
      "bus": "pci",
      "driver": "nouveau",
      "fw_version": "None",
      "deviceID": "0dd8",
      "subsysDeviceID": "084a",
      "type": "VIDEO"
    },
    {
      "vendorID": "10de",
      "description": "GF106 High Definition Audio Controller",
      "subsysVendorID": "103c",
      "bus": "pci",
      "driver": "snd_hda_intel",
      "fw_version": "None",
      "deviceID": "0be9",
      "subsysDeviceID": "084a",
      "type": "AUDIO"
    },
    {
      "vendorID": "8086",
      "description": "Xeon E5/Core i7 IIO PCI Express Root Port 3a in PCI Express Mode",
      "subsysVendorID": "0000",
      "bus": "pci",
      "driver": "pcieport",
      "fw_version": "None",
      "deviceID": "3c08",
      "subsysDeviceID": "0000",
      "type": "BRIDGE"
    },
    {
      "vendorID": "8086",
      "description": "Xeon E5/Core i7 Address Map, VTd_Misc, System Management",
      "subsysVendorID": "103c",
      "bus": "pci",
      "driver": "None",
      "fw_version": "None",
      "deviceID": "3c28",
      "subsysDeviceID": "1589",
      "type": "GENERIC"
    },
    {
      "vendorID": "8086",
      "description": "Xeon E5/Core i7 Control Status and Global Errors",
      "subsysVendorID": "103c",
      "bus": "pci",
      "driver": "None",
      "fw_version": "None",
      "deviceID": "3c2a",
      "subsysDeviceID": "1589",
      "type": "GENERIC"
    },
    {
      "vendorID": "8086",
      "description": "Xeon E5/Core i7 I/O APIC",
      "subsysVendorID": "8086",
      "bus": "pci",
      "driver": "None",
      "fw_version": "None",
      "deviceID": "3c2c",
      "subsysDeviceID": "3c2c",
      "type": "GENERIC"
    },
    {
      "vendorID": "8086",
      "description": "C600/X79 series chipset PCI Express Virtual Root Port",
      "subsysVendorID": "0000",
      "bus": "pci",
      "driver": "pcieport",
      "fw_version": "None",
      "deviceID": "1d3e",
      "subsysDeviceID": "0000",
      "type": "BRIDGE"
    },
    {
      "vendorID": "8086",
      "description": "C602 chipset 4-Port SATA Storage Control Unit",
      "subsysVendorID": "103c",
      "bus": "pci",
      "driver": "isci",
      "fw_version": "None",
      "deviceID": "1d6b",
      "subsysDeviceID": "1589",
      "type": "SAS"
    },
    {
      "vendorID": "8086",
      "description": "C600/X79 series chipset MEI Controller #1",
      "subsysVendorID": "103c",
      "bus": "pci",
      "driver": "mei_me",
      "fw_version": "None",
      "deviceID": "1d3a",
      "subsysDeviceID": "1589",
      "type": "COMMUNICATION"
    },
    {
      "vendorID": "8086",
      "description": "C600/X79 series chipset IDE-r Controller",
      "subsysVendorID": "103c",
      "bus": "pci",
      "driver": "ata_generic",
      "fw_version": "None",
      "deviceID": "1d3c",
      "subsysDeviceID": "1589",
      "type": "IDE"
    },
    {
      "vendorID": "8086",
      "description": "C600/X79 series chipset KT Controller",
      "subsysVendorID": "103c",
      "bus": "pci",
      "driver": "serial",
      "fw_version": "None",
      "deviceID": "1d3d",
      "subsysDeviceID": "1589",
      "type": "COMMUNICATION"
    },
    {
      "vendorID": "8086",
      "description": "82579LM Gigabit Network Connection",
      "subsysVendorID": "103c",
      "bus": "pci",
      "driver": "e1000e",
      "fw_version": "0.13-4",
      "deviceID": "1502",
      "subsysDeviceID": "1589",
      "type": "NETWORK"
    },
    {
      "vendorID": "8086",
      "description": "C600/X79 series chipset USB2 Enhanced Host Controller #2",
      "subsysVendorID": "103c",
      "bus": "pci",
      "driver": "ehci-pci",
      "fw_version": "None",
      "deviceID": "1d2d",
      "subsysDeviceID": "1589",
      "type": "USB"
    },
    {
      "vendorID": "1d6b",
      "description": "EHCI Host Controller",
      "subsysVendorID": "0000",
      "bus": "usb",
      "driver": "hub",
      "fw_version": "None",
      "deviceID": "0002",
      "subsysDeviceID": "0000",
      "type": "BUS"
    },
    {
      "vendorID": "8087",
      "description": "Integrated Rate Matching Hub",
      "subsysVendorID": "0000",
      "bus": "usb",
      "driver": "hub",
      "fw_version": "None",
      "deviceID": "0024",
      "subsysDeviceID": "0000",
      "type": "BUS"
    },
    {
      "vendorID": "046d",
      "description": "USB Optical Mouse",
      "subsysVendorID": "0000",
      "bus": "usb",
      "driver": "usbhid",
      "fw_version": "None",
      "deviceID": "c05a",
      "subsysDeviceID": "0000",
      "type": "INPUT"
    },
    {
      "vendorID": "8086",
      "description": "C600/X79 series chipset High Definition Audio Controller",
      "subsysVendorID": "103c",
      "bus": "pci",
      "driver": "snd_hda_intel",
      "fw_version": "None",
      "deviceID": "1d20",
      "subsysDeviceID": "1589",
      "type": "AUDIO"
    },
    {
      "vendorID": "8086",
      "description": "C600/X79 series chipset PCI Express Root Port 2",
      "subsysVendorID": "0000",
      "bus": "pci",
      "driver": "pcieport",
      "fw_version": "None",
      "deviceID": "1d12",
      "subsysDeviceID": "0000",
      "type": "BRIDGE"
    },
    {
      "vendorID": "8086",
      "description": "C600/X79 series chipset PCI Express Root Port 5",
      "subsysVendorID": "0000",
      "bus": "pci",
      "driver": "pcieport",
      "fw_version": "None",
      "deviceID": "1d18",
      "subsysDeviceID": "0000",
      "type": "BRIDGE"
    },
    {
      "vendorID": "8086",
      "description": "C600/X79 series chipset PCI Express Root Port 3",
      "subsysVendorID": "0000",
      "bus": "pci",
      "driver": "pcieport",
      "fw_version": "None",
      "deviceID": "1d14",
      "subsysDeviceID": "0000",
      "type": "BRIDGE"
    },
    {
      "vendorID": "8086",
      "description": "C600/X79 series chipset PCI Express Root Port 4",
      "subsysVendorID": "0000",
      "bus": "pci",
      "driver": "pcieport",
      "fw_version": "None",
      "deviceID": "1d16",
      "subsysDeviceID": "0000",
      "type": "BRIDGE"
    },
    {
      "vendorID": "104c",
      "description": "TUSB73x0 SuperSpeed USB 3.0 xHCI Host Controller",
      "subsysVendorID": "103c",
      "bus": "pci",
      "driver": "xhci_hcd",
      "fw_version": "None",
      "deviceID": "8241",
      "subsysDeviceID": "1589",
      "type": "USB"
    },
    {
      "vendorID": "1d6b",
      "description": "xHCI Host Controller",
      "subsysVendorID": "0000",
      "bus": "usb",
      "driver": "hub",
      "fw_version": "None",
      "deviceID": "0003",
      "subsysDeviceID": "0000",
      "type": "BUS"
    },
    {
      "vendorID": "1d6b",
      "description": "xHCI Host Controller",
      "subsysVendorID": "0000",
      "bus": "usb",
      "driver": "hub",
      "fw_version": "None",
      "deviceID": "0002",
      "subsysDeviceID": "0000",
      "type": "BUS"
    },
    {
      "vendorID": "046d",
      "description": "USB Keyboard",
      "subsysVendorID": "0000",
      "bus": "usb",
      "driver": "usbhid",
      "fw_version": "None",
      "deviceID": "c31d",
      "subsysDeviceID": "0000",
      "type": "INPUT"
    },
    {
      "vendorID": "046d",
      "description": "USB Receiver",
      "subsysVendorID": "0000",
      "bus": "usb",
      "driver": "usbhid",
      "fw_version": "None",
      "deviceID": "c52b",
      "subsysDeviceID": "0000",
      "type": "INPUT"
    },
    {
      "vendorID": "8086",
      "description": "C600/X79 series chipset USB2 Enhanced Host Controller #1",
      "subsysVendorID": "103c",
      "bus": "pci",
      "driver": "ehci-pci",
      "fw_version": "None",
      "deviceID": "1d26",
      "subsysDeviceID": "1589",
      "type": "USB"
    },
    {
      "vendorID": "1d6b",
      "description": "EHCI Host Controller",
      "subsysVendorID": "0000",
      "bus": "usb",
      "driver": "hub",
      "fw_version": "None",
      "deviceID": "0002",
      "subsysDeviceID": "0000",
      "type": "BUS"
    },
    {
      "vendorID": "8087",
      "description": "Integrated Rate Matching Hub",
      "subsysVendorID": "0000",
      "bus": "usb",
      "driver": "hub",
      "fw_version": "None",
      "deviceID": "0024",
      "subsysDeviceID": "0000",
      "type": "BUS"
    },
    {
      "vendorID": "8086",
      "description": "82801 PCI Bridge",
      "subsysVendorID": "0000",
      "bus": "pci",
      "driver": "None",
      "fw_version": "None",
      "deviceID": "244e",
      "subsysDeviceID": "0000",
      "type": "BRIDGE"
    },
    {
      "vendorID": "11c1",
      "description": "FW322/323 [TrueFire] 1394a Controller",
      "subsysVendorID": "103c",
      "bus": "pci",
      "driver": "firewire_ohci",
      "fw_version": "None",
      "deviceID": "5811",
      "subsysDeviceID": "1589",
      "type": "FIREWIRE"
    },
    {
      "vendorID": "8086",
      "description": "C600/X79 series chipset LPC Controller",
      "subsysVendorID": "103c",
      "bus": "pci",
      "driver": "lpc_ich",
      "fw_version": "None",
      "deviceID": "1d41",
      "subsysDeviceID": "1589",
      "type": "BRIDGE"
    },
    {
      "vendorID": "8086",
      "description": "C600/X79 series chipset SATA RAID Controller",
      "subsysVendorID": "103c",
      "bus": "pci",
      "driver": "ahci",
      "fw_version": "None",
      "deviceID": "2826",
      "subsysDeviceID": "1589",
      "type": "RAID"
    },
    {
      "vendorID": "8086",
      "description": "C600/X79 series chipset SMBus Host Controller",
      "subsysVendorID": "103c",
      "bus": "pci",
      "driver": "i801_smbus",
      "fw_version": "None",
      "deviceID": "1d22",
      "subsysDeviceID": "1589",
      "type": "BUS"
    },
    {
      "vendorID": "8086",
      "description": "Xeon E5/Core i7 QPI Link 0",
      "subsysVendorID": "8086",
      "bus": "pci",
      "driver": "None",
      "fw_version": "None",
      "deviceID": "3c80",
      "subsysDeviceID": "0000",
      "type": "GENERIC"
    },
    {
      "vendorID": "8086",
      "description": "Xeon E5/Core i7 QPI Link Reut 0",
      "subsysVendorID": "8086",
      "bus": "pci",
      "driver": "None",
      "fw_version": "None",
      "deviceID": "3c83",
      "subsysDeviceID": "0000",
      "type": "GENERIC"
    },
    {
      "vendorID": "8086",
      "description": "Xeon E5/Core i7 QPI Link Reut 0",
      "subsysVendorID": "8086",
      "bus": "pci",
      "driver": "None",
      "fw_version": "None",
      "deviceID": "3c84",
      "subsysDeviceID": "0000",
      "type": "GENERIC"
    },
    {
      "vendorID": "8086",
      "description": "Xeon E5/Core i7 QPI Link 1",
      "subsysVendorID": "8086",
      "bus": "pci",
      "driver": "None",
      "fw_version": "None",
      "deviceID": "3c90",
      "subsysDeviceID": "0000",
      "type": "GENERIC"
    },
    {
      "vendorID": "8086",
      "description": "Xeon E5/Core i7 QPI Link Reut 1",
      "subsysVendorID": "8086",
      "bus": "pci",
      "driver": "None",
      "fw_version": "None",
      "deviceID": "3c93",
      "subsysDeviceID": "0000",
      "type": "GENERIC"
    },
    {
      "vendorID": "8086",
      "description": "Xeon E5/Core i7 QPI Link Reut 1",
      "subsysVendorID": "8086",
      "bus": "pci",
      "driver": "None",
      "fw_version": "None",
      "deviceID": "3c94",
      "subsysDeviceID": "0000",
      "type": "GENERIC"
    },
    {
      "vendorID": "8086",
      "description": "Xeon E5/Core i7 Power Control Unit 0",
      "subsysVendorID": "8086",
      "bus": "pci",
      "driver": "None",
      "fw_version": "None",
      "deviceID": "3cc0",
      "subsysDeviceID": "0000",
      "type": "GENERIC"
    },
    {
      "vendorID": "8086",
      "description": "Xeon E5/Core i7 Power Control Unit 1",
      "subsysVendorID": "8086",
      "bus": "pci",
      "driver": "None",
      "fw_version": "None",
      "deviceID": "3cc1",
      "subsysDeviceID": "0000",
      "type": "GENERIC"
    },
    {
      "vendorID": "8086",
      "description": "Xeon E5/Core i7 Power Control Unit 2",
      "subsysVendorID": "8086",
      "bus": "pci",
      "driver": "None",
      "fw_version": "None",
      "deviceID": "3cc2",
      "subsysDeviceID": "0000",
      "type": "GENERIC"
    },
    {
      "vendorID": "8086",
      "description": "Xeon E5/Core i7 Power Control Unit 3",
      "subsysVendorID": "8086",
      "bus": "pci",
      "driver": "None",
      "fw_version": "None",
      "deviceID": "3cd0",
      "subsysDeviceID": "0000",
      "type": "GENERIC"
    },
    {
      "vendorID": "8086",
      "description": "Xeon E5/Core i7 Interrupt Control Registers",
      "subsysVendorID": "8086",
      "bus": "pci",
      "driver": "None",
      "fw_version": "None",
      "deviceID": "3ce0",
      "subsysDeviceID": "0000",
      "type": "GENERIC"
    },
    {
      "vendorID": "8086",
      "description": "Xeon E5/Core i7 Semaphore and Scratchpad Configuration Registers",
      "subsysVendorID": "8086",
      "bus": "pci",
      "driver": "None",
      "fw_version": "None",
      "deviceID": "3ce3",
      "subsysDeviceID": "0000",
      "type": "GENERIC"
    },
    {
      "vendorID": "8086",
      "description": "Xeon E5/Core i7 Unicast Register 0",
      "subsysVendorID": "8086",
      "bus": "pci",
      "driver": "None",
      "fw_version": "None",
      "deviceID": "3ce8",
      "subsysDeviceID": "0000",
      "type": "GENERIC"
    },
    {
      "vendorID": "8086",
      "description": "Xeon E5/Core i7 Unicast Register 0",
      "subsysVendorID": "8086",
      "bus": "pci",
      "driver": "None",
      "fw_version": "None",
      "deviceID": "3ce8",
      "subsysDeviceID": "0000",
      "type": "GENERIC"
    },
    {
      "vendorID": "8086",
      "description": "Xeon E5/Core i7 Integrated Memory Controller System Address Decoder 0",
      "subsysVendorID": "8086",
      "bus": "pci",
      "driver": "None",
      "fw_version": "None",
      "deviceID": "3cf4",
      "subsysDeviceID": "0000",
      "type": "GENERIC"
    },
    {
      "vendorID": "8086",
      "description": "Xeon E5/Core i7 System Address Decoder",
      "subsysVendorID": "8086",
      "bus": "pci",
      "driver": "None",
      "fw_version": "None",
      "deviceID": "3cf6",
      "subsysDeviceID": "0000",
      "type": "GENERIC"
    },
    {
      "vendorID": "8086",
      "description": "Xeon E5/Core i7 Unicast Register 0",
      "subsysVendorID": "8086",
      "bus": "pci",
      "driver": "None",
      "fw_version": "None",
      "deviceID": "3ce8",
      "subsysDeviceID": "0000",
      "type": "GENERIC"
    },
    {
      "vendorID": "8086",
      "description": "Xeon E5/Core i7 Unicast Register 0",
      "subsysVendorID": "8086",
      "bus": "pci",
      "driver": "None",
      "fw_version": "None",
      "deviceID": "3ce8",
      "subsysDeviceID": "0000",
      "type": "GENERIC"
    },
    {
      "vendorID": "8086",
      "description": "Xeon E5/Core i7 Integrated Memory Controller System Address Decoder 1",
      "subsysVendorID": "8086",
      "bus": "pci",
      "driver": "None",
      "fw_version": "None",
      "deviceID": "3cf5",
      "subsysDeviceID": "0000",
      "type": "GENERIC"
    },
    {
      "vendorID": "8086",
      "description": "Xeon E5/Core i7 Processor Home Agent",
      "subsysVendorID": "0000",
      "bus": "pci",
      "driver": "sbridge_edac",
      "fw_version": "None",
      "deviceID": "3ca0",
      "subsysDeviceID": "0000",
      "type": "GENERIC"
    },
    {
      "vendorID": "8086",
      "description": "Xeon E5/Core i7 Processor Home Agent Performance Monitoring",
      "subsysVendorID": "0000",
      "bus": "pci",
      "driver": "snbep_uncore",
      "fw_version": "None",
      "deviceID": "3c46",
      "subsysDeviceID": "0000",
      "type": "GENERIC"
    },
    {
      "vendorID": "8086",
      "description": "Xeon E5/Core i7 Integrated Memory Controller Registers",
      "subsysVendorID": "8086",
      "bus": "pci",
      "driver": "None",
      "fw_version": "None",
      "deviceID": "3ca8",
      "subsysDeviceID": "0000",
      "type": "GENERIC"
    },
    {
      "vendorID": "8086",
      "description": "Xeon E5/Core i7 Integrated Memory Controller RAS Registers",
      "subsysVendorID": "8086",
      "bus": "pci",
      "driver": "None",
      "fw_version": "None",
      "deviceID": "3c71",
      "subsysDeviceID": "0000",
      "type": "GENERIC"
    },
    {
      "vendorID": "8086",
      "description": "Xeon E5/Core i7 Integrated Memory Controller Target Address Decoder 0",
      "subsysVendorID": "8086",
      "bus": "pci",
      "driver": "None",
      "fw_version": "None",
      "deviceID": "3caa",
      "subsysDeviceID": "0000",
      "type": "GENERIC"
    },
    {
      "vendorID": "8086",
      "description": "Xeon E5/Core i7 Integrated Memory Controller Target Address Decoder 1",
      "subsysVendorID": "8086",
      "bus": "pci",
      "driver": "None",
      "fw_version": "None",
      "deviceID": "3cab",
      "subsysDeviceID": "0000",
      "type": "GENERIC"
    },
    {
      "vendorID": "8086",
      "description": "Xeon E5/Core i7 Integrated Memory Controller Target Address Decoder 2",
      "subsysVendorID": "8086",
      "bus": "pci",
      "driver": "None",
      "fw_version": "None",
      "deviceID": "3cac",
      "subsysDeviceID": "0000",
      "type": "GENERIC"
    },
    {
      "vendorID": "8086",
      "description": "Xeon E5/Core i7 Integrated Memory Controller Target Address Decoder 3",
      "subsysVendorID": "8086",
      "bus": "pci",
      "driver": "None",
      "fw_version": "None",
      "deviceID": "3cad",
      "subsysDeviceID": "0000",
      "type": "GENERIC"
    },
    {
      "vendorID": "8086",
      "description": "Xeon E5/Core i7 Integrated Memory Controller Target Address Decoder 4",
      "subsysVendorID": "8086",
      "bus": "pci",
      "driver": "None",
      "fw_version": "None",
      "deviceID": "3cae",
      "subsysDeviceID": "0000",
      "type": "GENERIC"
    },
    {
      "vendorID": "8086",
      "description": "Xeon E5/Core i7 Integrated Memory Controller Channel 0-3 Thermal Control 0",
      "subsysVendorID": "8086",
      "bus": "pci",
      "driver": "snbep_uncore",
      "fw_version": "None",
      "deviceID": "3cb0",
      "subsysDeviceID": "0000",
      "type": "GENERIC"
    },
    {
      "vendorID": "8086",
      "description": "Xeon E5/Core i7 Integrated Memory Controller Channel 0-3 Thermal Control 1",
      "subsysVendorID": "8086",
      "bus": "pci",
      "driver": "snbep_uncore",
      "fw_version": "None",
      "deviceID": "3cb1",
      "subsysDeviceID": "0000",
      "type": "GENERIC"
    },
    {
      "vendorID": "8086",
      "description": "Xeon E5/Core i7 Integrated Memory Controller ERROR Registers 0",
      "subsysVendorID": "8086",
      "bus": "pci",
      "driver": "None",
      "fw_version": "None",
      "deviceID": "3cb2",
      "subsysDeviceID": "0000",
      "type": "GENERIC"
    },
    {
      "vendorID": "8086",
      "description": "Xeon E5/Core i7 Integrated Memory Controller ERROR Registers 1",
      "subsysVendorID": "8086",
      "bus": "pci",
      "driver": "None",
      "fw_version": "None",
      "deviceID": "3cb3",
      "subsysDeviceID": "0000",
      "type": "GENERIC"
    },
    {
      "vendorID": "8086",
      "description": "Xeon E5/Core i7 Integrated Memory Controller Channel 0-3 Thermal Control 2",
      "subsysVendorID": "8086",
      "bus": "pci",
      "driver": "snbep_uncore",
      "fw_version": "None",
      "deviceID": "3cb4",
      "subsysDeviceID": "0000",
      "type": "GENERIC"
    },
    {
      "vendorID": "8086",
      "description": "Xeon E5/Core i7 Integrated Memory Controller Channel 0-3 Thermal Control 3",
      "subsysVendorID": "8086",
      "bus": "pci",
      "driver": "snbep_uncore",
      "fw_version": "None",
      "deviceID": "3cb5",
      "subsysDeviceID": "0000",
      "type": "GENERIC"
    },
    {
      "vendorID": "8086",
      "description": "Xeon E5/Core i7 Integrated Memory Controller ERROR Registers 2",
      "subsysVendorID": "8086",
      "bus": "pci",
      "driver": "None",
      "fw_version": "None",
      "deviceID": "3cb6",
      "subsysDeviceID": "0000",
      "type": "GENERIC"
    },
    {
      "vendorID": "8086",
      "description": "Xeon E5/Core i7 Integrated Memory Controller ERROR Registers 3",
      "subsysVendorID": "8086",
      "bus": "pci",
      "driver": "None",
      "fw_version": "None",
      "deviceID": "3cb7",
      "subsysDeviceID": "0000",
      "type": "GENERIC"
    },
    {
      "vendorID": "8086",
      "description": "Xeon E5/Core i7 DDRIO",
      "subsysVendorID": "8086",
      "bus": "pci",
      "driver": "None",
      "fw_version": "None",
      "deviceID": "3cb8",
      "subsysDeviceID": "0000",
      "type": "GENERIC"
    },
    {
      "vendorID": "8086",
      "description": "Xeon E5/Core i7 R2PCIe",
      "subsysVendorID": "8086",
      "bus": "pci",
      "driver": "None",
      "fw_version": "None",
      "deviceID": "3ce4",
      "subsysDeviceID": "0000",
      "type": "GENERIC"
    },
    {
      "vendorID": "8086",
      "description": "Xeon E5/Core i7 Ring to PCI Express Performance Monitor",
      "subsysVendorID": "8086",
      "bus": "pci",
      "driver": "snbep_uncore",
      "fw_version": "None",
      "deviceID": "3c43",
      "subsysDeviceID": "0000",
      "type": "GENERIC"
    },
    {
      "vendorID": "8086",
      "description": "Xeon E5/Core i7 QuickPath Interconnect Agent Ring Registers",
      "subsysVendorID": "8086",
      "bus": "pci",
      "driver": "None",
      "fw_version": "None",
      "deviceID": "3ce6",
      "subsysDeviceID": "0000",
      "type": "GENERIC"
    },
    {
      "vendorID": "8086",
      "description": "Xeon E5/Core i7 Ring to QuickPath Interconnect Link 0 Performance Monitor",
      "subsysVendorID": "8086",
      "bus": "pci",
      "driver": "snbep_uncore",
      "fw_version": "None",
      "deviceID": "3c44",
      "subsysDeviceID": "0000",
      "type": "GENERIC"
    },
    {
      "vendorID": "8086",
      "description": "Xeon E5/Core i7 Ring to QuickPath Interconnect Link 1 Performance Monitor",
      "subsysVendorID": "8086",
      "bus": "pci",
      "driver": "snbep_uncore",
      "fw_version": "None",
      "deviceID": "3c45",
      "subsysDeviceID": "0000",
      "type": "GENERIC"
    },
    {
      "vendorID": "0000",
      "description": "IBM Enhanced keyboard controller (101/2-key)",
      "subsysVendorID": "0000",
      "bus": "pnp",
      "driver": "i8042 kbd",
      "fw_version": "None",
      "deviceID": "0000",
      "subsysDeviceID": "0000",
      "type": "INPUT"
    },
    {
      "vendorID": "0000",
      "description": "Microsoft PS/2-style Mouse",
      "subsysVendorID": "0000",
      "bus": "pnp",
      "driver": "i8042 aux",
      "fw_version": "None",
      "deviceID": "0000",
      "subsysDeviceID": "0000",
      "type": "INPUT"
    },
    {
      "vendorID": "0000",
      "description": "PnP device INT3f0d",
      "subsysVendorID": "0000",
      "bus": "pnp",
      "driver": "system",
      "fw_version": "None",
      "deviceID": "0000",
      "subsysDeviceID": "0000",
      "type": "GENERIC"
    },
    {
      "vendorID": "0000",
      "description": "Standard Efficiency",
      "subsysVendorID": "0000",
      "bus": "None",
      "driver": "None",
      "fw_version": "None",
      "deviceID": "0000",
      "subsysDeviceID": "0000",
      "type": "POWER"
    },
    {
      "vendorID": "0000",
      "description": "Standard Efficiency",
      "subsysVendorID": "0000",
      "bus": "None",
      "driver": "None",
      "fw_version": "None",
      "deviceID": "0000",
      "subsysDeviceID": "0000",
      "type": "POWER"
    }
  ],
  "Numa": {
    "nodes": 1
  },
  "memory": 24576,
  "model": "HP Z420 Workstation (B5S46PA#ABG)",
  "Disk": {
    "Disks": [
      {
        "sector_size": 512,
        "model": "Hitachi HDS72101",
        "phys_sector_size": 512,
        "size": "1000204886016"
      }
    ]
  },
  "Arch": [
    "x86_64"
  ],
  "Cpu": {
    "modelName": "Intel(R) Xeon(R) CPU E5-1620 0 @ 3.60GHz",
    "vendor": "GenuineIntel",
    "processors": 8,
    "family": 6,
    "CpuFlags": [
      "lm",
      "fpu",
      "fpu_exception",
      "wp",
      "vme",
      "de",
      "pse",
      "tsc",
      "msr",
      "pae",
      "mce",
      "cx8",
      "apic",
      "sep",
      "mtrr",
      "pge",
      "mca",
      "cmov",
      "pat",
      "pse36",
      "clflush",
      "dts",
      "acpi",
      "mmx",
      "fxsr",
      "sse",
      "sse2",
      "ss",
      "ht",
      "tm",
      "pbe",
      "syscall",
      "nx",
      "pdpe1gb",
      "rdtscp",
      "lm",
      "constant_tsc",
      "arch_perfmon",
      "pebs",
      "bts",
      "rep_good",
      "nopl",
      "xtopology",
      "nonstop_tsc",
      "aperfmperf",
      "eagerfpu",
      "pni",
      "pclmulqdq",
      "dtes64",
      "monitor",
      "ds_cpl",
      "vmx",
      "smx",
      "est",
      "tm2",
      "ssse3",
      "cx16",
      "xtpr",
      "pdcm",
      "pcid",
      "dca",
      "sse4_1",
      "sse4_2",
      "x2apic",
      "popcnt",
      "tsc_deadline_timer",
      "aes",
      "xsave",
      "avx",
      "lahf_lm",
      "ida",
      "arat",
      "epb",
      "pln",
      "pts",
      "dtherm",
      "tpr_shadow",
      "vnmi",
      "flexpriority",
      "ept",
      "vpid",
      "xsaveopt",
      "cpufreq"
    ],
    "stepping": 7,
    "cores": 4,
    "model": 45,
    "speed": 1417.781,
    "sockets": 1
  }
}
