{
  "formfactor": "", 
  "vendor": null, 
  "Hypervisor": null, 
  "Devices": [
    {
      "bus": "None",
      "description": "Motherboard",
      "deviceID": "0000",
      "driver": "None",
      "fw_version": "None",
      "subsysDeviceID": "0000",
      "subsysVendorID": "0000",
      "type": "BUS",
      "vendorID": "0000"
    },
    {
      "vendorID": "0000", 
      "description": "3215 terminal", 
      "subsysVendorID": "0000", 
      "bus": "ccw", 
      "driver": "3215", 
      "fw_version": "None",
      "deviceID": "0000", 
      "subsysDeviceID": "0000", 
      "type": "COMMUNICATION"
    }, 
    {
      "vendorID": "0000", 
      "description": "Card reader/punch", 
      "subsysVendorID": "0000", 
      "bus": "ccw", 
      "driver": "vmur", 
      "fw_version": "None",
      "deviceID": "0000", 
      "subsysDeviceID": "0000", 
      "type": "GENERIC"
    }, 
    {
      "vendorID": "0000", 
      "description": "Card reader/punch", 
      "subsysVendorID": "0000", 
      "bus": "ccw", 
      "driver": "vmur", 
      "fw_version": "None",
      "deviceID": "0000", 
      "subsysDeviceID": "0000", 
      "type": "GENERIC"
    }, 
    {
      "vendorID": "0000", 
      "description": "Line printer", 
      "subsysVendorID": "0000", 
      "bus": "ccw", 
      "driver": "vmur", 
      "fw_version": "None",
      "deviceID": "0000", 
      "subsysDeviceID": "0000", 
      "type": "PRINTER"
    }, 
    {
      "vendorID": "0000", 
      "description": "Channel-to-Channel device", 
      "subsysVendorID": "0000", 
      "bus": "ccw", 
      "driver": "ctcm", 
      "fw_version": "None",
      "deviceID": "0000", 
      "subsysDeviceID": "0000", 
      "type": "NETWORK"
    }, 
    {
      "vendorID": "0000", 
      "description": "Channel-to-Channel device", 
      "subsysVendorID": "0000", 
      "bus": "ccw", 
      "fw_version": "None",
      "driver": "ctcm", 
      "deviceID": "0000", 
      "subsysDeviceID": "0000", 
      "type": "NETWORK"
    }, 
    {
      "vendorID": "0000", 
      "description": "1732/01", 
      "subsysVendorID": "0000", 
      "bus": "ccw", 
      "driver": "qeth_l2", 
      "fw_version": "V614",
      "deviceID": "0000", 
      "subsysDeviceID": "0000", 
      "type": "NETWORK"
    }, 
    {
      "vendorID": "0000", 
      "description": "1732/01", 
      "subsysVendorID": "0000", 
      "bus": "ccw", 
      "driver": "qeth", 
      "fw_version": "None",
      "deviceID": "0000", 
      "subsysDeviceID": "0000", 
      "type": "NETWORK"
    }, 
    {
      "vendorID": "0000", 
      "description": "1732/01", 
      "subsysVendorID": "0000", 
      "bus": "ccw", 
      "driver": "qeth", 
      "fw_version": "None",
      "deviceID": "0000", 
      "subsysDeviceID": "0000", 
      "type": "NETWORK"
    }, 
    {
      "vendorID": "0000", 
      "description": "1732/01", 
      "subsysVendorID": "0000", 
      "bus": "ccw", 
      "driver": "qeth", 
      "fw_version": "None",
      "deviceID": "0000", 
      "subsysDeviceID": "0000", 
      "type": "NETWORK"
    }, 
    {
      "vendorID": "0000", 
      "description": "1732/01", 
      "subsysVendorID": "0000", 
      "bus": "ccw", 
      "driver": "qeth", 
      "fw_version": "None",
      "deviceID": "0000", 
      "subsysDeviceID": "0000", 
      "type": "NETWORK"
    }, 
    {
      "vendorID": "0000", 
      "description": "1732/01", 
      "subsysVendorID": "0000", 
      "bus": "ccw", 
      "driver": "qeth", 
      "fw_version": "None",
      "deviceID": "0000", 
      "subsysDeviceID": "0000", 
      "type": "NETWORK"
    }, 
    {
      "vendorID": "0000", 
      "description": "z/VM IUCV hypervisor console", 
      "subsysVendorID": "0000", 
      "bus": "None", 
      "driver": "hvc_iucv", 
      "fw_version": "None",
      "deviceID": "0000", 
      "subsysDeviceID": "0000", 
      "type": "GENERIC"
    }
  ], 
  "Numa": {
    "nodes": 1
  }, 
  "memory": 2048, 
  "model": null, 
  "Disk": {
    "Disks": [
      {
        "sector_size": 4096, 
        "model": "3390/0c", 
        "phys_sector_size": 4096, 
        "size": "7385333760"
      }, 
      {
        "sector_size": 4096, 
        "model": "3390/0c", 
        "phys_sector_size": 4096, 
        "size": "7385333760"
      }, 
      {
        "sector_size": 4096, 
        "model": "3390/0c", 
        "phys_sector_size": 4096, 
        "size": "7385333760"
      }, 
      {
        "sector_size": 4096, 
        "model": "3390/0c", 
        "phys_sector_size": 4096, 
        "size": "7385333760"
      }
    ]
  }, 
  "Arch": [
    "s390x"
  ], 
  "Cpu": {
    "modelName": "2827", 
    "vendor": "IBM/S390", 
    "processors": 2, 
    "family": 0, 
    "CpuFlags": [
      "esan3", 
      "highgprs", 
      "dfp", 
      "stfle", 
      "ldisp", 
      "eimm", 
      "zarch", 
      "etf3eh", 
      "msa"
    ], 
    "stepping": 0, 
    "cores": 0, 
    "model": 3326023, 
    "speed": 0, 
    "sockets": 0
  }
}
